\BOOKMARK [1][-]{section.1}{\376\377\000P\000r\000\351\000s\000e\000n\000t\000a\000t\000i\000o\000n}{}% 1
\BOOKMARK [1][-]{section.2}{\376\377\000C\000l\000a\000s\000s\000\040\000M\000a\000i\000n\000\040\000\050\000p\000e\000u\000t\000-\000\352\000t\000r\000e\000\040\000c\000o\000n\000t\000i\000n\000u\000e\000r\000\051}{}% 2
\BOOKMARK [1][-]{section.3}{\376\377\000C\000l\000a\000s\000s\000\040\000G\000a\000m\000e\000\040\000E\000n\000g\000i\000n\000e}{}% 3
\BOOKMARK [2][-]{subsection.3.1}{\376\377\000V\000a\000r\000i\000a\000b\000l\000e\000s}{section.3}% 4
\BOOKMARK [2][-]{subsection.3.2}{\376\377\000k\000e\000y\000T\000y\000p\000e\000d}{section.3}% 5
\BOOKMARK [2][-]{subsection.3.3}{\376\377\000k\000e\000y\000P\000r\000e\000s\000s\000e\000d}{section.3}% 6
\BOOKMARK [2][-]{subsection.3.4}{\376\377\000k\000e\000y\000R\000e\000l\000e\000a\000s\000e\000d}{section.3}% 7
\BOOKMARK [1][-]{section.4}{\376\377\000R\000e\000n\000d\000e\000r\000E\000n\000g\000i\000n\000e}{}% 8
\BOOKMARK [2][-]{subsection.4.1}{\376\377\000V\000a\000r\000i\000a\000b\000l\000e\000s}{section.4}% 9
\BOOKMARK [3][-]{subsubsection.4.1.1}{\376\377\000S\000c\000r\000e\000e\000n\000\040\000s\000e\000t\000t\000i\000n\000g\000s}{subsection.4.1}% 10
\BOOKMARK [3][-]{subsubsection.4.1.2}{\376\377\000W\000o\000r\000l\000d\000\040\000s\000e\000t\000t\000i\000n\000g\000s}{subsection.4.1}% 11
\BOOKMARK [3][-]{subsubsection.4.1.3}{\376\377\000F\000P\000S}{subsection.4.1}% 12
\BOOKMARK [2][-]{subsection.4.2}{\376\377\000R\000e\000n\000d\000e\000r\000E\000n\000g\000i\000n\000e}{section.4}% 13
\BOOKMARK [2][-]{subsection.4.3}{\376\377\000s\000t\000a\000r\000t\000G\000a\000m\000e\000T\000h\000r\000e\000a\000d}{section.4}% 14
\BOOKMARK [1][-]{section.5}{\376\377\000C\000l\000a\000s\000s\000\040\000P\000l\000a\000y\000e\000r}{}% 15
\BOOKMARK [2][-]{subsection.5.1}{\376\377\000V\000a\000r\000i\000a\000b\000l\000e\000s\000\040\000\050\000d\000e\000s\000c\000r\000i\000p\000t\000i\000o\000n\000\040\000+\000\040\000\340\000\040\000c\000o\000m\000p\000l\000\351\000t\000e\000r\000\051}{section.5}% 16
\BOOKMARK [2][-]{subsection.5.2}{\376\377\000P\000l\000a\000y\000e\000r}{section.5}% 17
\BOOKMARK [2][-]{subsection.5.3}{\376\377\000s\000e\000t\000D\000e\000f\000a\000u\000l\000t\000V\000a\000l\000u\000e\000s}{section.5}% 18
\BOOKMARK [2][-]{subsection.5.4}{\376\377\000g\000e\000t\000P\000l\000a\000y\000e\000r\000I\000m\000a\000g\000e}{section.5}% 19
\BOOKMARK [2][-]{subsection.5.5}{\376\377\000u\000p\000d\000a\000t\000e\000\040\000\050\000m\000e\000t\000t\000r\000e\000\040\000i\000m\000a\000g\000e\000\051}{section.5}% 20
\BOOKMARK [2][-]{subsection.5.6}{\376\377\000d\000r\000a\000w\000\040\000\050\000m\000e\000t\000t\000r\000e\000\040\000u\000n\000e\000\040\000i\000m\000a\000g\000e\000\051}{section.5}% 21
\BOOKMARK [1][-]{section.6}{\376\377\000C\000l\000a\000s\000s\000\040\000S\000p\000r\000i\000t\000e}{}% 22
\BOOKMARK [1][-]{section.7}{\376\377\000C\000l\000a\000s\000s\000\040\000C\000o\000l\000l\000i\000s\000i\000o\000n\000C\000h\000e\000c\000k}{}% 23
\BOOKMARK [2][-]{subsection.7.1}{\376\377\000C\000o\000l\000l\000i\000s\000i\000o\000n\000C\000h\000e\000c\000k}{section.7}% 24
\BOOKMARK [2][-]{subsection.7.2}{\376\377\000c\000h\000e\000c\000k\000T\000i\000l\000e\000\040\000\050\000\340\000\040\000f\000a\000i\000r\000e\000\051}{section.7}% 25
\BOOKMARK [1][-]{section.8}{\376\377\000T\000i\000l\000e}{}% 26
\BOOKMARK [1][-]{section.9}{\376\377\000T\000i\000l\000e\000M\000a\000n\000a\000g\000e\000r\000\040\000\050\000\340\000\040\000f\000a\000i\000r\000e\000\051}{}% 27
